------------------------------------------------------------
TimeQuest Timing Analyzer Summary
------------------------------------------------------------

Type  : Slow 1200mV 85C Model Setup 'u3|altpll_0|sd1|pll7|clk[0]'
Slack : 1.655
TNS   : 0.000

Type  : Slow 1200mV 85C Model Setup 'ADC_CLK_10'
Slack : 3.207
TNS   : 0.000

Type  : Slow 1200mV 85C Model Setup 'u3|altpll_0|sd1|pll7|clk[2]'
Slack : 14.627
TNS   : 0.000

Type  : Slow 1200mV 85C Model Setup 'MAX10_CLK1_50'
Slack : 16.496
TNS   : 0.000

Type  : Slow 1200mV 85C Model Setup 'MAX10_CLK2_50'
Slack : 17.259
TNS   : 0.000

Type  : Slow 1200mV 85C Model Setup 'p1|altpll_component|auto_generated|pll1|clk[0]'
Slack : 30.494
TNS   : 0.000

Type  : Slow 1200mV 85C Model Setup 'altera_reserved_tck'
Slack : 41.489
TNS   : 0.000

Type  : Slow 1200mV 85C Model Hold 'ADC_CLK_10'
Slack : 0.189
TNS   : 0.000

Type  : Slow 1200mV 85C Model Hold 'u3|altpll_0|sd1|pll7|clk[0]'
Slack : 0.209
TNS   : 0.000

Type  : Slow 1200mV 85C Model Hold 'p1|altpll_component|auto_generated|pll1|clk[0]'
Slack : 0.259
TNS   : 0.000

Type  : Slow 1200mV 85C Model Hold 'altera_reserved_tck'
Slack : 0.309
TNS   : 0.000

Type  : Slow 1200mV 85C Model Hold 'u3|altpll_0|sd1|pll7|clk[2]'
Slack : 0.311
TNS   : 0.000

Type  : Slow 1200mV 85C Model Hold 'MAX10_CLK1_50'
Slack : 0.325
TNS   : 0.000

Type  : Slow 1200mV 85C Model Hold 'MAX10_CLK2_50'
Slack : 0.344
TNS   : 0.000

Type  : Slow 1200mV 85C Model Recovery 'u3|altpll_0|sd1|pll7|clk[0]'
Slack : 6.944
TNS   : 0.000

Type  : Slow 1200mV 85C Model Recovery 'p1|altpll_component|auto_generated|pll1|clk[0]'
Slack : 10.450
TNS   : 0.000

Type  : Slow 1200mV 85C Model Recovery 'MAX10_CLK1_50'
Slack : 18.198
TNS   : 0.000

Type  : Slow 1200mV 85C Model Recovery 'u3|altpll_0|sd1|pll7|clk[2]'
Slack : 21.054
TNS   : 0.000

Type  : Slow 1200mV 85C Model Recovery 'altera_reserved_tck'
Slack : 47.555
TNS   : 0.000

Type  : Slow 1200mV 85C Model Recovery 'ADC_CLK_10'
Slack : 93.693
TNS   : 0.000

Type  : Slow 1200mV 85C Model Removal 'ADC_CLK_10'
Slack : 0.834
TNS   : 0.000

Type  : Slow 1200mV 85C Model Removal 'MAX10_CLK1_50'
Slack : 0.892
TNS   : 0.000

Type  : Slow 1200mV 85C Model Removal 'altera_reserved_tck'
Slack : 0.925
TNS   : 0.000

Type  : Slow 1200mV 85C Model Removal 'u3|altpll_0|sd1|pll7|clk[0]'
Slack : 1.496
TNS   : 0.000

Type  : Slow 1200mV 85C Model Removal 'u3|altpll_0|sd1|pll7|clk[2]'
Slack : 2.618
TNS   : 0.000

Type  : Slow 1200mV 85C Model Removal 'p1|altpll_component|auto_generated|pll1|clk[0]'
Slack : 4.979
TNS   : 0.000

Type  : Slow 1200mV 85C Model Minimum Pulse Width 'u3|altpll_0|sd1|pll7|clk[0]'
Slack : 4.008
TNS   : 0.000

Type  : Slow 1200mV 85C Model Minimum Pulse Width 'MAX10_CLK1_50'
Slack : 9.562
TNS   : 0.000

Type  : Slow 1200mV 85C Model Minimum Pulse Width 'MAX10_CLK2_50'
Slack : 9.588
TNS   : 0.000

Type  : Slow 1200mV 85C Model Minimum Pulse Width 'u3|altpll_0|sd1|pll7|clk[2]'
Slack : 12.152
TNS   : 0.000

Type  : Slow 1200mV 85C Model Minimum Pulse Width 'p1|altpll_component|auto_generated|pll1|clk[0]'
Slack : 19.688
TNS   : 0.000

Type  : Slow 1200mV 85C Model Minimum Pulse Width 'u3|altpll_1|sd1|pll7|clk[0]'
Slack : 44.375
TNS   : 0.000

Type  : Slow 1200mV 85C Model Minimum Pulse Width 'ADC_CLK_10'
Slack : 49.468
TNS   : 0.000

Type  : Slow 1200mV 85C Model Minimum Pulse Width 'altera_reserved_tck'
Slack : 49.566
TNS   : 0.000

Type  : Slow 1200mV 85C Model Minimum Pulse Width 'u3|onchip_flash_0|altera_onchip_flash_block|ufm_block|osc'
Slack : 90.671
TNS   : 0.000

Type  : Slow 1200mV 0C Model Setup 'u3|altpll_0|sd1|pll7|clk[0]'
Slack : 2.021
TNS   : 0.000

Type  : Slow 1200mV 0C Model Setup 'ADC_CLK_10'
Slack : 3.268
TNS   : 0.000

Type  : Slow 1200mV 0C Model Setup 'u3|altpll_0|sd1|pll7|clk[2]'
Slack : 15.585
TNS   : 0.000

Type  : Slow 1200mV 0C Model Setup 'MAX10_CLK1_50'
Slack : 16.819
TNS   : 0.000

Type  : Slow 1200mV 0C Model Setup 'MAX10_CLK2_50'
Slack : 17.526
TNS   : 0.000

Type  : Slow 1200mV 0C Model Setup 'p1|altpll_component|auto_generated|pll1|clk[0]'
Slack : 31.412
TNS   : 0.000

Type  : Slow 1200mV 0C Model Setup 'altera_reserved_tck'
Slack : 42.220
TNS   : 0.000

Type  : Slow 1200mV 0C Model Hold 'ADC_CLK_10'
Slack : 0.188
TNS   : 0.000

Type  : Slow 1200mV 0C Model Hold 'u3|altpll_0|sd1|pll7|clk[0]'
Slack : 0.204
TNS   : 0.000

Type  : Slow 1200mV 0C Model Hold 'p1|altpll_component|auto_generated|pll1|clk[0]'
Slack : 0.248
TNS   : 0.000

Type  : Slow 1200mV 0C Model Hold 'altera_reserved_tck'
Slack : 0.279
TNS   : 0.000

Type  : Slow 1200mV 0C Model Hold 'u3|altpll_0|sd1|pll7|clk[2]'
Slack : 0.284
TNS   : 0.000

Type  : Slow 1200mV 0C Model Hold 'MAX10_CLK1_50'
Slack : 0.294
TNS   : 0.000

Type  : Slow 1200mV 0C Model Hold 'MAX10_CLK2_50'
Slack : 0.313
TNS   : 0.000

Type  : Slow 1200mV 0C Model Recovery 'u3|altpll_0|sd1|pll7|clk[0]'
Slack : 7.477
TNS   : 0.000

Type  : Slow 1200mV 0C Model Recovery 'p1|altpll_component|auto_generated|pll1|clk[0]'
Slack : 11.797
TNS   : 0.000

Type  : Slow 1200mV 0C Model Recovery 'MAX10_CLK1_50'
Slack : 18.358
TNS   : 0.000

Type  : Slow 1200mV 0C Model Recovery 'u3|altpll_0|sd1|pll7|clk[2]'
Slack : 21.429
TNS   : 0.000

Type  : Slow 1200mV 0C Model Recovery 'altera_reserved_tck'
Slack : 47.785
TNS   : 0.000

Type  : Slow 1200mV 0C Model Recovery 'ADC_CLK_10'
Slack : 94.310
TNS   : 0.000

Type  : Slow 1200mV 0C Model Removal 'ADC_CLK_10'
Slack : 0.776
TNS   : 0.000

Type  : Slow 1200mV 0C Model Removal 'MAX10_CLK1_50'
Slack : 0.822
TNS   : 0.000

Type  : Slow 1200mV 0C Model Removal 'altera_reserved_tck'
Slack : 0.856
TNS   : 0.000

Type  : Slow 1200mV 0C Model Removal 'u3|altpll_0|sd1|pll7|clk[0]'
Slack : 1.381
TNS   : 0.000

Type  : Slow 1200mV 0C Model Removal 'u3|altpll_0|sd1|pll7|clk[2]'
Slack : 2.396
TNS   : 0.000

Type  : Slow 1200mV 0C Model Removal 'p1|altpll_component|auto_generated|pll1|clk[0]'
Slack : 4.109
TNS   : 0.000

Type  : Slow 1200mV 0C Model Minimum Pulse Width 'u3|altpll_0|sd1|pll7|clk[0]'
Slack : 3.968
TNS   : 0.000

Type  : Slow 1200mV 0C Model Minimum Pulse Width 'MAX10_CLK1_50'
Slack : 9.584
TNS   : 0.000

Type  : Slow 1200mV 0C Model Minimum Pulse Width 'MAX10_CLK2_50'
Slack : 9.602
TNS   : 0.000

Type  : Slow 1200mV 0C Model Minimum Pulse Width 'u3|altpll_0|sd1|pll7|clk[2]'
Slack : 12.171
TNS   : 0.000

Type  : Slow 1200mV 0C Model Minimum Pulse Width 'p1|altpll_component|auto_generated|pll1|clk[0]'
Slack : 19.697
TNS   : 0.000

Type  : Slow 1200mV 0C Model Minimum Pulse Width 'u3|altpll_1|sd1|pll7|clk[0]'
Slack : 44.379
TNS   : 0.000

Type  : Slow 1200mV 0C Model Minimum Pulse Width 'ADC_CLK_10'
Slack : 49.479
TNS   : 0.000

Type  : Slow 1200mV 0C Model Minimum Pulse Width 'altera_reserved_tck'
Slack : 49.593
TNS   : 0.000

Type  : Slow 1200mV 0C Model Minimum Pulse Width 'u3|onchip_flash_0|altera_onchip_flash_block|ufm_block|osc'
Slack : 90.671
TNS   : 0.000

Type  : Fast 1200mV 0C Model Setup 'u3|altpll_0|sd1|pll7|clk[0]'
Slack : 3.463
TNS   : 0.000

Type  : Fast 1200mV 0C Model Setup 'ADC_CLK_10'
Slack : 3.577
TNS   : 0.000

Type  : Fast 1200mV 0C Model Setup 'MAX10_CLK1_50'
Slack : 18.292
TNS   : 0.000

Type  : Fast 1200mV 0C Model Setup 'MAX10_CLK2_50'
Slack : 18.690
TNS   : 0.000

Type  : Fast 1200mV 0C Model Setup 'u3|altpll_0|sd1|pll7|clk[2]'
Slack : 19.756
TNS   : 0.000

Type  : Fast 1200mV 0C Model Setup 'p1|altpll_component|auto_generated|pll1|clk[0]'
Slack : 35.180
TNS   : 0.000

Type  : Fast 1200mV 0C Model Setup 'altera_reserved_tck'
Slack : 45.935
TNS   : 0.000

Type  : Fast 1200mV 0C Model Hold 'ADC_CLK_10'
Slack : 0.078
TNS   : 0.000

Type  : Fast 1200mV 0C Model Hold 'u3|altpll_0|sd1|pll7|clk[0]'
Slack : 0.093
TNS   : 0.000

Type  : Fast 1200mV 0C Model Hold 'p1|altpll_component|auto_generated|pll1|clk[0]'
Slack : 0.116
TNS   : 0.000

Type  : Fast 1200mV 0C Model Hold 'u3|altpll_0|sd1|pll7|clk[2]'
Slack : 0.138
TNS   : 0.000

Type  : Fast 1200mV 0C Model Hold 'altera_reserved_tck'
Slack : 0.140
TNS   : 0.000

Type  : Fast 1200mV 0C Model Hold 'MAX10_CLK1_50'
Slack : 0.148
TNS   : 0.000

Type  : Fast 1200mV 0C Model Hold 'MAX10_CLK2_50'
Slack : 0.157
TNS   : 0.000

Type  : Fast 1200mV 0C Model Recovery 'u3|altpll_0|sd1|pll7|clk[0]'
Slack : 9.581
TNS   : 0.000

Type  : Fast 1200mV 0C Model Recovery 'p1|altpll_component|auto_generated|pll1|clk[0]'
Slack : 15.076
TNS   : 0.000

Type  : Fast 1200mV 0C Model Recovery 'MAX10_CLK1_50'
Slack : 19.095
TNS   : 0.000

Type  : Fast 1200mV 0C Model Recovery 'u3|altpll_0|sd1|pll7|clk[2]'
Slack : 22.921
TNS   : 0.000

Type  : Fast 1200mV 0C Model Recovery 'altera_reserved_tck'
Slack : 48.997
TNS   : 0.000

Type  : Fast 1200mV 0C Model Recovery 'ADC_CLK_10'
Slack : 96.597
TNS   : 0.000

Type  : Fast 1200mV 0C Model Removal 'ADC_CLK_10'
Slack : 0.375
TNS   : 0.000

Type  : Fast 1200mV 0C Model Removal 'MAX10_CLK1_50'
Slack : 0.412
TNS   : 0.000

Type  : Fast 1200mV 0C Model Removal 'altera_reserved_tck'
Slack : 0.431
TNS   : 0.000

Type  : Fast 1200mV 0C Model Removal 'u3|altpll_0|sd1|pll7|clk[0]'
Slack : 0.694
TNS   : 0.000

Type  : Fast 1200mV 0C Model Removal 'u3|altpll_0|sd1|pll7|clk[2]'
Slack : 1.368
TNS   : 0.000

Type  : Fast 1200mV 0C Model Removal 'p1|altpll_component|auto_generated|pll1|clk[0]'
Slack : 2.320
TNS   : 0.000

Type  : Fast 1200mV 0C Model Minimum Pulse Width 'u3|altpll_0|sd1|pll7|clk[0]'
Slack : 4.204
TNS   : 0.000

Type  : Fast 1200mV 0C Model Minimum Pulse Width 'MAX10_CLK1_50'
Slack : 9.303
TNS   : 0.000

Type  : Fast 1200mV 0C Model Minimum Pulse Width 'MAX10_CLK2_50'
Slack : 9.332
TNS   : 0.000

Type  : Fast 1200mV 0C Model Minimum Pulse Width 'u3|altpll_0|sd1|pll7|clk[2]'
Slack : 12.216
TNS   : 0.000

Type  : Fast 1200mV 0C Model Minimum Pulse Width 'p1|altpll_component|auto_generated|pll1|clk[0]'
Slack : 19.720
TNS   : 0.000

Type  : Fast 1200mV 0C Model Minimum Pulse Width 'u3|altpll_1|sd1|pll7|clk[0]'
Slack : 44.903
TNS   : 0.000

Type  : Fast 1200mV 0C Model Minimum Pulse Width 'ADC_CLK_10'
Slack : 49.268
TNS   : 0.000

Type  : Fast 1200mV 0C Model Minimum Pulse Width 'altera_reserved_tck'
Slack : 49.411
TNS   : 0.000

Type  : Fast 1200mV 0C Model Minimum Pulse Width 'u3|onchip_flash_0|altera_onchip_flash_block|ufm_block|osc'
Slack : 90.683
TNS   : 0.000

------------------------------------------------------------
